// Jest Snapshot v1, https://goo.gl/fbAQLP

exports[`Rendering Display should render <Display /> correctly 1`] = `
<section>
  Welcome
</section>
`;
